
  .   ____          _            __ _ _
 /\\ / ___'_ __ _ _(_)_ __  __ _ \ \ \ \
( ( )\___ | '_ | '_| | '_ \/ _` | \ \ \ \
 \\/  ___)| |_)| | | | | || (_| |  ) ) ) )
  '  |____| .__|_| |_|_| |_\__, | / / / /
 =========|_|==============|___/=/_/_/_/

 :: Spring Boot ::                (v3.4.4)

2026-05-14T01:34:11.031+05:30  INFO 29736 --- [api-gateway] [           main] c.m.gateway.ApiGatewayApplication        : Starting ApiGatewayApplication v1.0.0 using Java 24.0.1 with PID 29736 (D:\MediBook\api-gateway\target\api-gateway-1.0.0.jar started by hp in D:\MediBook)
2026-05-14T01:34:11.035+05:30  INFO 29736 --- [api-gateway] [           main] c.m.gateway.ApiGatewayApplication        : No active profile set, falling back to 1 default profile: "default"
2026-05-14T01:34:11.125+05:30  INFO 29736 --- [api-gateway] [           main] o.s.c.c.c.ConfigServerConfigDataLoader   : Fetching config from server at : http://localhost:8888
2026-05-14T01:34:11.126+05:30  INFO 29736 --- [api-gateway] [           main] o.s.c.c.c.ConfigServerConfigDataLoader   : Located environment: name=api-gateway, profiles=[default], label=null, version=null, state=null
2026-05-14T01:34:12.433+05:30  INFO 29736 --- [api-gateway] [           main] o.s.cloud.context.scope.GenericScope     : BeanFactory id=c05d533d-b61c-3041-b85f-6e88a031f4f3
2026-05-14T01:34:13.764+05:30  INFO 29736 --- [api-gateway] [           main] o.s.c.g.r.RouteDefinitionRouteLocator    : Loaded RoutePredicateFactory [After]
2026-05-14T01:34:13.765+05:30  INFO 29736 --- [api-gateway] [           main] o.s.c.g.r.RouteDefinitionRouteLocator    : Loaded RoutePredicateFactory [Before]
2026-05-14T01:34:13.765+05:30  INFO 29736 --- [api-gateway] [           main] o.s.c.g.r.RouteDefinitionRouteLocator    : Loaded RoutePredicateFactory [Between]
2026-05-14T01:34:13.765+05:30  INFO 29736 --- [api-gateway] [           main] o.s.c.g.r.RouteDefinitionRouteLocator    : Loaded RoutePredicateFactory [Cookie]
2026-05-14T01:34:13.766+05:30  INFO 29736 --- [api-gateway] [           main] o.s.c.g.r.RouteDefinitionRouteLocator    : Loaded RoutePredicateFactory [Header]
2026-05-14T01:34:13.766+05:30  INFO 29736 --- [api-gateway] [           main] o.s.c.g.r.RouteDefinitionRouteLocator    : Loaded RoutePredicateFactory [Host]
2026-05-14T01:34:13.766+05:30  INFO 29736 --- [api-gateway] [           main] o.s.c.g.r.RouteDefinitionRouteLocator    : Loaded RoutePredicateFactory [Method]
2026-05-14T01:34:13.766+05:30  INFO 29736 --- [api-gateway] [           main] o.s.c.g.r.RouteDefinitionRouteLocator    : Loaded RoutePredicateFactory [Path]
2026-05-14T01:34:13.766+05:30  INFO 29736 --- [api-gateway] [           main] o.s.c.g.r.RouteDefinitionRouteLocator    : Loaded RoutePredicateFactory [Query]
2026-05-14T01:34:13.766+05:30  INFO 29736 --- [api-gateway] [           main] o.s.c.g.r.RouteDefinitionRouteLocator    : Loaded RoutePredicateFactory [ReadBody]
2026-05-14T01:34:13.766+05:30  INFO 29736 --- [api-gateway] [           main] o.s.c.g.r.RouteDefinitionRouteLocator    : Loaded RoutePredicateFactory [RemoteAddr]
2026-05-14T01:34:13.767+05:30  INFO 29736 --- [api-gateway] [           main] o.s.c.g.r.RouteDefinitionRouteLocator    : Loaded RoutePredicateFactory [XForwardedRemoteAddr]
2026-05-14T01:34:13.768+05:30  INFO 29736 --- [api-gateway] [           main] o.s.c.g.r.RouteDefinitionRouteLocator    : Loaded RoutePredicateFactory [Weight]
2026-05-14T01:34:13.768+05:30  INFO 29736 --- [api-gateway] [           main] o.s.c.g.r.RouteDefinitionRouteLocator    : Loaded RoutePredicateFactory [CloudFoundryRouteService]
2026-05-14T01:34:14.234+05:30  INFO 29736 --- [api-gateway] [           main] DiscoveryClientOptionalArgsConfiguration : Eureka HTTP Client uses RestTemplate.
2026-05-14T01:34:14.294+05:30  WARN 29736 --- [api-gateway] [           main] iguration$LoadBalancerCaffeineWarnLogger : Spring Cloud LoadBalancer is currently working with the default cache. While this cache implementation is useful for development and tests, it's recommended to use Caffeine cache in production.You can switch to using Caffeine cache, by adding it and org.springframework.cache.caffeine.CaffeineCacheManager to the classpath.
2026-05-14T01:34:14.364+05:30  INFO 29736 --- [api-gateway] [           main] o.s.c.n.eureka.InstanceInfoFactory       : Setting initial instance status as: STARTING
2026-05-14T01:34:14.435+05:30  INFO 29736 --- [api-gateway] [           main] com.netflix.discovery.DiscoveryClient    : Initializing Eureka in region us-east-1
2026-05-14T01:34:14.444+05:30  INFO 29736 --- [api-gateway] [           main] c.n.d.s.r.aws.ConfigClusterResolver      : Resolving eureka endpoints via configuration
2026-05-14T01:34:14.465+05:30  INFO 29736 --- [api-gateway] [           main] com.netflix.discovery.DiscoveryClient    : Disable delta property : false
2026-05-14T01:34:14.466+05:30  INFO 29736 --- [api-gateway] [           main] com.netflix.discovery.DiscoveryClient    : Single vip registry refresh property : null
2026-05-14T01:34:14.467+05:30  INFO 29736 --- [api-gateway] [           main] com.netflix.discovery.DiscoveryClient    : Force full registry fetch : false
2026-05-14T01:34:14.468+05:30  INFO 29736 --- [api-gateway] [           main] com.netflix.discovery.DiscoveryClient    : Application is null : false
2026-05-14T01:34:14.468+05:30  INFO 29736 --- [api-gateway] [           main] com.netflix.discovery.DiscoveryClient    : Registered Applications size is zero : true
2026-05-14T01:34:14.469+05:30  INFO 29736 --- [api-gateway] [           main] com.netflix.discovery.DiscoveryClient    : Application version is -1: true
2026-05-14T01:34:14.469+05:30  INFO 29736 --- [api-gateway] [           main] com.netflix.discovery.DiscoveryClient    : Getting all instance registry info from the eureka server
2026-05-14T01:34:14.934+05:30  INFO 29736 --- [api-gateway] [           main] com.netflix.discovery.DiscoveryClient    : The response status is 200
2026-05-14T01:34:14.937+05:30  INFO 29736 --- [api-gateway] [           main] com.netflix.discovery.DiscoveryClient    : Starting heartbeat executor: renew interval is: 30
2026-05-14T01:34:14.938+05:30  INFO 29736 --- [api-gateway] [           main] c.n.discovery.InstanceInfoReplicator     : InstanceInfoReplicator onDemand update allowed rate per min is 4
2026-05-14T01:34:14.940+05:30  INFO 29736 --- [api-gateway] [           main] com.netflix.discovery.DiscoveryClient    : Discovery Client initialized at timestamp 1778702654940 with initial instances count: 0
2026-05-14T01:34:14.943+05:30  INFO 29736 --- [api-gateway] [           main] o.s.c.n.e.s.EurekaServiceRegistry        : Registering application API-GATEWAY with eureka with status UP
2026-05-14T01:34:14.943+05:30  INFO 29736 --- [api-gateway] [           main] com.netflix.discovery.DiscoveryClient    : Saw local status change event StatusChangeEvent [timestamp=1778702654943, current=UP, previous=STARTING]
2026-05-14T01:34:14.945+05:30  INFO 29736 --- [api-gateway] [foReplicator-%d] com.netflix.discovery.DiscoveryClient    : DiscoveryClient_API-GATEWAY/LAPTOP-C199JAVR.mshome.net:api-gateway:8080: registering service...
2026-05-14T01:34:15.016+05:30  INFO 29736 --- [api-gateway] [foReplicator-%d] com.netflix.discovery.DiscoveryClient    : DiscoveryClient_API-GATEWAY/LAPTOP-C199JAVR.mshome.net:api-gateway:8080 - registration status: 204
2026-05-14T01:34:15.200+05:30  INFO 29736 --- [api-gateway] [           main] o.s.b.web.embedded.netty.NettyWebServer  : Netty started on port 8080 (http)
2026-05-14T01:34:15.202+05:30  INFO 29736 --- [api-gateway] [           main] .s.c.n.e.s.EurekaAutoServiceRegistration : Updating port to 8080
2026-05-14T01:34:15.280+05:30  INFO 29736 --- [api-gateway] [           main] c.m.gateway.ApiGatewayApplication        : Started ApiGatewayApplication in 5.962 seconds (process running for 6.78)
